[38;2;119;173;145m╔══════════════════════════════════════════════════════════════════════════════╗[m
[38;2;119;173;145m║[m  [38;2;225;184;102m▾ archive[m                                                                   [38;2;119;173;145m║[m
[38;2;119;173;145m║[m    2025.md                                                                   [38;2;119;173;145m║[m
[38;2;119;173;145m║[m  [38;2;225;184;102m▾ projects[m                                                                  [38;2;119;173;145m║[m
[38;2;119;173;145m║[m[38;2;16;21;18;48;2;119;173;145m>   jot.md                                                                    [m[38;2;119;173;145m║[m
[38;2;119;173;145m║[m  welcome.md                                                                  [38;2;119;173;145m║[m
[38;2;119;173;145m║[m                                                                              [38;2;119;173;145m║[m
[38;2;119;173;145m║[m                                                                              [38;2;119;173;145m║[m
[38;2;119;173;145m║[m                                                                              [38;2;119;173;145m║[m
[38;2;119;173;145m║[m                                                                              [38;2;119;173;145m║[m
[38;2;119;173;145m║[m                                                                              [38;2;119;173;145m║[m
[38;2;119;173;145m║[m                                                                              [38;2;119;173;145m║[m
[38;2;119;173;145m║[m                                                                              [38;2;119;173;145m║[m
[38;2;119;173;145m║[m                                                                              [38;2;119;173;145m║[m
[38;2;119;173;145m║[m                                                                              [38;2;119;173;145m║[m
[38;2;119;173;145m║[m                                                                              [38;2;119;173;145m║[m
[38;2;119;173;145m╚══════════════════════════════════════════════════════════════════════════════╝[m
[38;2;16;21;18;48;2;119;173;145mprojects/jot.md                                                         ? help  [m