[38;2;136;57;239m╔══════════════════════╗[m[38;2;188;192;204m╭──────────────────────────────────────────────────────────────────────────────────────────────╮[m
[38;2;136;57;239m║[m  [38;2;23;146;153m▸ archive[m           [38;2;136;57;239m║[m[38;2;188;192;204m│[m                                                                                              [38;2;188;192;204m│[m
[38;2;136;57;239m║[m  [38;2;23;146;153m▾ projects[m          [38;2;136;57;239m║[m[38;2;188;192;204m│[m   [38;2;223;142;29;1mJot[m                                                                                        [38;2;188;192;204m│[m
[38;2;136;57;239m║[m[38;2;239;241;245;48;2;136;57;239m>   jot.md            [m[38;2;136;57;239m║[m[38;2;188;192;204m│[m   [38;2;76;79;105mFast terminal[m[38;2;76;79;105m notes.[m                                                                       [38;2;188;192;204m│[m
[38;2;136;57;239m║[m  welcome.md          [38;2;136;57;239m║[m[38;2;188;192;204m│[m                                                                                              [38;2;188;192;204m│[m
[38;2;136;57;239m║[m                      [38;2;136;57;239m║[m[38;2;188;192;204m│[m   [38;2;76;79;105m☑ [m[38;2;76;79;105msemantic[m[38;2;76;79;105m themes[m                                                                          [38;2;188;192;204m│[m
[38;2;136;57;239m║[m                      [38;2;136;57;239m║[m[38;2;188;192;204m│[m   [38;2;76;79;105m☑ [m[38;2;76;79;105mlive[m[38;2;76;79;105m preview[m                                                                             [38;2;188;192;204m│[m
[38;2;136;57;239m║[m                      [38;2;136;57;239m║[m[38;2;188;192;204m│[m   [38;2;76;79;105m☐ [m[38;2;76;79;105mship[m[38;2;76;79;105m it[m                                                                                  [38;2;188;192;204m│[m
[38;2;136;57;239m║[m                      [38;2;136;57;239m║[m[38;2;188;192;204m│[m                                                                                              [38;2;188;192;204m│[m
[38;2;136;57;239m║[m                      [38;2;136;57;239m║[m[38;2;188;192;204m│[m                                                                                              [38;2;188;192;204m│[m
[38;2;136;57;239m║[m                      [38;2;136;57;239m║[m[38;2;188;192;204m│[m                                                                                              [38;2;188;192;204m│[m
[38;2;136;57;239m║[m                      [38;2;136;57;239m║[m[38;2;188;192;204m│[m                                                                                              [38;2;188;192;204m│[m
[38;2;136;57;239m║[m                      [38;2;136;57;239m║[m[38;2;188;192;204m│[m                                                                                              [38;2;188;192;204m│[m
[38;2;136;57;239m║[m                      [38;2;136;57;239m║[m[38;2;188;192;204m│[m                                                                                              [38;2;188;192;204m│[m
[38;2;136;57;239m║[m                      [38;2;136;57;239m║[m[38;2;188;192;204m│[m                                                                                              [38;2;188;192;204m│[m
[38;2;136;57;239m║[m                      [38;2;136;57;239m║[m[38;2;188;192;204m│[m                                                                                              [38;2;188;192;204m│[m
[38;2;136;57;239m╚══════════════════════╝[m[38;2;188;192;204m╰──────────────────────────────────────────────────────────────────────────────────────────────╯[m
[38;2;239;241;245;48;2;136;57;239mprojects/jot.md                                                                                                 ? help  [m