[38;2;119;173;145m╔══════════════════════╗[m[38;2;69;80;74m╭──────────────────────────────────────────────────────────────────────────────────────────────╮[m
[38;2;119;173;145m║[m  [38;2;225;184;102m▾ archive[m           [38;2;119;173;145m║[m[38;2;69;80;74m│[m                                                                                              [38;2;69;80;74m│[m
[38;2;119;173;145m║[m    2025.md           [38;2;119;173;145m║[m[38;2;69;80;74m│[m [38;2;225;184;102;1mJot[m                                                                                          [38;2;69;80;74m│[m
[38;2;119;173;145m║[m  [38;2;225;184;102m▾ projects[m          [38;2;119;173;145m║[m[38;2;69;80;74m│[m [38;2;233;226;213mFast terminal[m[38;2;233;226;213m notes.[m                                                                         [38;2;69;80;74m│[m
[38;2;119;173;145m║[m[38;2;16;21;18;48;2;119;173;145m>   jot.md            [m[38;2;119;173;145m║[m[38;2;69;80;74m│[m                                                                                              [38;2;69;80;74m│[m
[38;2;119;173;145m║[m  welcome.md          [38;2;119;173;145m║[m[38;2;69;80;74m│[m [38;2;233;226;213m☑ [m[38;2;233;226;213msemantic[m[38;2;233;226;213m themes[m                                                                            [38;2;69;80;74m│[m
[38;2;119;173;145m║[m                      [38;2;119;173;145m║[m[38;2;69;80;74m│[m [38;2;233;226;213m☑ [m[38;2;233;226;213mlive[m[38;2;233;226;213m preview[m                                                                               [38;2;69;80;74m│[m
[38;2;119;173;145m║[m                      [38;2;119;173;145m║[m[38;2;69;80;74m│[m [38;2;233;226;213m☐ [m[38;2;233;226;213mship[m[38;2;233;226;213m it[m                                                                                    [38;2;69;80;74m│[m
[38;2;119;173;145m║[m                      [38;2;119;173;145m║[m[38;2;69;80;74m│[m                                                                                              [38;2;69;80;74m│[m
[38;2;119;173;145m║[m                      [38;2;119;173;145m║[m[38;2;69;80;74m│[m                                                                                              [38;2;69;80;74m│[m
[38;2;119;173;145m║[m                      [38;2;119;173;145m║[m[38;2;69;80;74m│[m                                                                                              [38;2;69;80;74m│[m
[38;2;119;173;145m║[m                      [38;2;119;173;145m║[m[38;2;69;80;74m│[m                                                                                              [38;2;69;80;74m│[m
[38;2;119;173;145m║[m                      [38;2;119;173;145m║[m[38;2;69;80;74m│[m                                                                                              [38;2;69;80;74m│[m
[38;2;119;173;145m║[m                      [38;2;119;173;145m║[m[38;2;69;80;74m│[m                                                                                              [38;2;69;80;74m│[m
[38;2;119;173;145m║[m                      [38;2;119;173;145m║[m[38;2;69;80;74m│[m                                                                                              [38;2;69;80;74m│[m
[38;2;119;173;145m║[m                      [38;2;119;173;145m║[m[38;2;69;80;74m│[m                                                                                              [38;2;69;80;74m│[m
[38;2;119;173;145m╚══════════════════════╝[m[38;2;69;80;74m╰──────────────────────────────────────────────────────────────────────────────────────────────╯[m
[38;2;16;21;18;48;2;119;173;145mprojects/jot.md                                                                                                 ? help  [m