╔══════════════════════╗╭──────────────────────────────────────────────────────────────────────────────────────────────╮
║  ▾ archive           ║│                                                                                              │
║    2025.md           ║│ Jot                                                                                          │
║  ▾ projects          ║│ Fast terminal notes.                                                                         │
║>   jot.md            ║│                                                                                              │
║  welcome.md          ║│ ☑ semantic themes                                                                            │
║                      ║│ ☑ live preview                                                                               │
║                      ║│ ☐ ship it                                                                                    │
║                      ║│                                                                                              │
║                      ║│                                                                                              │
║                      ║│                                                                                              │
║                      ║│                                                                                              │
║                      ║│                                                                                              │
║                      ║│                                                                                              │
║                      ║│                                                                                              │
║                      ║│                                                                                              │
╚══════════════════════╝╰──────────────────────────────────────────────────────────────────────────────────────────────╯
projects/jot.md                                                                                                 ? help