╔══════════════════════════════════════════════════════════════════════════════╗
║  ▾ archive                                                                   ║
║    2025.md                                                                   ║
║  ▾ projects                                                                  ║
║>   jot.md                                                                    ║
║  welcome.md                                                                  ║
║                                                                              ║
║                                                                              ║
║                                                                              ║
║                                                                              ║
║                                                                              ║
║                                                                              ║
║                                                                              ║
║                                                                              ║
║                                                                              ║
║                                                                              ║
╚══════════════════════════════════════════════════════════════════════════════╝
projects/jot.md                                                         ? help