[38;2;136;192;208m╔══════════════════════╗[m[38;2;76;86;106m╭──────────────────────────────────────────────────────────────────────────────────────────────╮[m
[38;2;136;192;208m║[m  [38;2;129;161;193m▾ archive[m           [38;2;136;192;208m║[m[38;2;76;86;106m│[m                                                                                              [38;2;76;86;106m│[m
[38;2;136;192;208m║[m    2025.md           [38;2;136;192;208m║[m[38;2;76;86;106m│[m [38;2;235;203;139;1mJot[m                                                                                          [38;2;76;86;106m│[m
[38;2;136;192;208m║[m  [38;2;129;161;193m▾ projects[m          [38;2;136;192;208m║[m[38;2;76;86;106m│[m [38;2;216;222;233mFast terminal[m[38;2;216;222;233m notes.[m                                                                         [38;2;76;86;106m│[m
[38;2;136;192;208m║[m[38;2;46;52;64;48;2;136;192;208m>   jot.md            [m[38;2;136;192;208m║[m[38;2;76;86;106m│[m                                                                                              [38;2;76;86;106m│[m
[38;2;136;192;208m║[m  welcome.md          [38;2;136;192;208m║[m[38;2;76;86;106m│[m [38;2;216;222;233m☑ [m[38;2;216;222;233msemantic[m[38;2;216;222;233m themes[m                                                                            [38;2;76;86;106m│[m
[38;2;136;192;208m║[m                      [38;2;136;192;208m║[m[38;2;76;86;106m│[m [38;2;216;222;233m☑ [m[38;2;216;222;233mlive[m[38;2;216;222;233m preview[m                                                                               [38;2;76;86;106m│[m
[38;2;136;192;208m║[m                      [38;2;136;192;208m║[m[38;2;76;86;106m│[m [38;2;216;222;233m☐ [m[38;2;216;222;233mship[m[38;2;216;222;233m it[m                                                                                    [38;2;76;86;106m│[m
[38;2;136;192;208m║[m                      [38;2;136;192;208m║[m[38;2;76;86;106m│[m                                                                                              [38;2;76;86;106m│[m
[38;2;136;192;208m║[m                      [38;2;136;192;208m║[m[38;2;76;86;106m│[m                                                                                              [38;2;76;86;106m│[m
[38;2;136;192;208m║[m                      [38;2;136;192;208m║[m[38;2;76;86;106m│[m                                                                                              [38;2;76;86;106m│[m
[38;2;136;192;208m║[m                      [38;2;136;192;208m║[m[38;2;76;86;106m│[m                                                                                              [38;2;76;86;106m│[m
[38;2;136;192;208m║[m                      [38;2;136;192;208m║[m[38;2;76;86;106m│[m                                                                                              [38;2;76;86;106m│[m
[38;2;136;192;208m║[m                      [38;2;136;192;208m║[m[38;2;76;86;106m│[m                                                                                              [38;2;76;86;106m│[m
[38;2;136;192;208m║[m                      [38;2;136;192;208m║[m[38;2;76;86;106m│[m                                                                                              [38;2;76;86;106m│[m
[38;2;136;192;208m║[m                      [38;2;136;192;208m║[m[38;2;76;86;106m│[m                                                                                              [38;2;76;86;106m│[m
[38;2;136;192;208m╚══════════════════════╝[m[38;2;76;86;106m╰──────────────────────────────────────────────────────────────────────────────────────────────╯[m
[38;2;46;52;64;48;2;136;192;208mprojects/jot.md                                                                                                 ? help  [m